2026-09-19 20:57:43,912 | INFO | Loaded checkpoint for run 1 on env ALE/Pong-v5 at epoch 1050
2026-09-19 20:57:43,914 | INFO | Resuming run 1 on env ALE/Pong-v5 at epoch 1051
2026-09-19 20:57:43,914 | INFO | seed: 42
2026-09-19 20:57:43,914 | INFO | task_name: pong
2026-09-19 20:57:43,914 | INFO | run_id: 1
2026-09-19 20:57:43,914 | INFO | env_id: ALE/Pong-v5
2026-09-19 20:57:43,915 | INFO | n_epochs: 1501
2026-09-19 20:57:43,915 | INFO | batch_size: 32
2026-09-19 20:57:43,915 | INFO | env_steps: 100
2026-09-19 20:57:43,915 | INFO | train_steps: 400
2026-09-19 20:57:43,915 | INFO | L: 4
2026-09-19 20:57:43,915 | INFO | action_space_dim: 6
2026-09-19 20:57:43,915 | INFO | burn_in_len: 4
2026-09-19 20:57:43,916 | INFO | im_horizon: 15
2026-09-19 20:57:43,916 | INFO | n_frame_skip: 4
2026-09-19 20:57:43,916 | INFO | n_sampling_steps: 3
2026-09-19 20:57:43,916 | INFO | setup_wandb: True
2026-09-19 20:57:43,916 | INFO | max_noop: 30
2026-09-19 20:57:43,916 | INFO | lbda: 0.95
2026-09-19 20:57:43,917 | INFO | gamma: 0.985
2026-09-19 20:57:43,917 | INFO | entropy_weight: 0.001
2026-09-19 20:57:43,917 | INFO | resume: True
2026-09-19 20:57:43,917 | INFO | save_interval: 50
2026-09-19 20:57:43,917 | INFO | lr: 0.0001
2026-09-19 20:57:43,918 | INFO | eps: 1e-08
2026-09-19 20:57:43,918 | INFO | wd: 0.01
2026-09-19 20:57:43,918 | INFO | enable_tf32: True
2026-09-19 20:57:43,918 | INFO | debug: False
2026-09-19 20:57:43,918 | INFO | hf_repo_id: Marcorico/diamond
2026-09-19 20:57:43,918 | INFO | epoch_to_load: 1050
2026-09-19 20:57:43,918 | INFO | log_every: 10
2026-09-19 20:57:43,918 | INFO | Using device {self.device}
Collecting experience: 100%|█████████████████████████████████████████████████████████| 100/100 [00:02<00:00, 41.27it/s]
Training diffusion model: 100%|██████████████████████████████████████████████████████| 400/400 [00:13<00:00, 30.36it/s]
Training reward model: 100%|█████████████████████████████████████████████████████████| 400/400 [01:02<00:00,  6.35it/s]
Training actor critic: 100%|█████████████████████████████████████████████████████████| 400/400 [02:20<00:00,  2.85it/s]
Collecting experience: 100%|████████████████████████████████████████████████████████| 100/100 [00:00<00:00, 363.37it/s]
Training diffusion model: 100%|██████████████████████████████████████████████████████| 400/400 [00:10<00:00, 36.63it/s]
Training reward model: 100%|█████████████████████████████████████████████████████████| 400/400 [00:57<00:00,  6.92it/s]
Training actor critic: 100%|█████████████████████████████████████████████████████████| 400/400 [02:12<00:00,  3.02it/s]
Collecting experience: 100%|████████████████████████████████████████████████████████| 100/100 [00:00<00:00, 358.19it/s]
Training diffusion model: 100%|██████████████████████████████████████████████████████| 400/400 [00:11<00:00, 36.22it/s]
Training reward model: 100%|█████████████████████████████████████████████████████████| 400/400 [01:00<00:00,  6.63it/s]
Training actor critic: 100%|█████████████████████████████████████████████████████████| 400/400 [02:10<00:00,  3.06it/s]
Collecting experience: 100%|████████████████████████████████████████████████████████| 100/100 [00:00<00:00, 347.11it/s]
Training diffusion model: 100%|██████████████████████████████████████████████████████| 400/400 [00:10<00:00, 36.77it/s]
Training reward model: 100%|█████████████████████████████████████████████████████████| 400/400 [00:59<00:00,  6.69it/s]
Training actor critic: 100%|█████████████████████████████████████████████████████████| 400/400 [02:09<00:00,  3.08it/s]
Collecting experience: 100%|████████████████████████████████████████████████████████| 100/100 [00:00<00:00, 357.66it/s]
Training diffusion model: 100%|██████████████████████████████████████████████████████| 400/400 [00:10<00:00, 36.79it/s]
Training reward model: 100%|█████████████████████████████████████████████████████████| 400/400 [00:58<00:00,  6.78it/s]
Training actor critic: 100%|█████████████████████████████████████████████████████████| 400/400 [02:09<00:00,  3.09it/s]
Collecting experience: 100%|████████████████████████████████████████████████████████| 100/100 [00:00<00:00, 361.63it/s]
Training diffusion model: 100%|██████████████████████████████████████████████████████| 400/400 [00:10<00:00, 37.63it/s]
Training reward model: 100%|█████████████████████████████████████████████████████████| 400/400 [00:59<00:00,  6.68it/s]
Training actor critic: 100%|█████████████████████████████████████████████████████████| 400/400 [02:11<00:00,  3.04it/s]
Collecting experience: 100%|████████████████████████████████████████████████████████| 100/100 [00:00<00:00, 354.90it/s]
Training diffusion model: 100%|██████████████████████████████████████████████████████| 400/400 [00:10<00:00, 37.38it/s]
Training reward model: 100%|█████████████████████████████████████████████████████████| 400/400 [00:58<00:00,  6.85it/s]
Training actor critic: 100%|█████████████████████████████████████████████████████████| 400/400 [02:10<00:00,  3.08it/s]
Collecting experience: 100%|████████████████████████████████████████████████████████| 100/100 [00:00<00:00, 350.87it/s]
Training diffusion model: 100%|██████████████████████████████████████████████████████| 400/400 [00:10<00:00, 36.40it/s]
Training reward model: 100%|█████████████████████████████████████████████████████████| 400/400 [00:59<00:00,  6.77it/s]
Training actor critic: 100%|█████████████████████████████████████████████████████████| 400/400 [02:10<00:00,  3.05it/s]
Collecting experience: 100%|████████████████████████████████████████████████████████| 100/100 [00:00<00:00, 348.16it/s]
Training diffusion model: 100%|██████████████████████████████████████████████████████| 400/400 [00:11<00:00, 34.33it/s]
Training reward model: 100%|█████████████████████████████████████████████████████████| 400/400 [00:57<00:00,  6.92it/s]
Training actor critic: 100%|█████████████████████████████████████████████████████████| 400/400 [02:09<00:00,  3.09it/s]
Collecting experience: 100%|████████████████████████████████████████████████████████| 100/100 [00:00<00:00, 354.12it/s]
Training diffusion model: 100%|██████████████████████████████████████████████████████| 400/400 [00:10<00:00, 37.43it/s]
Training reward model: 100%|█████████████████████████████████████████████████████████| 400/400 [00:57<00:00,  6.91it/s]
Training actor critic: 100%|█████████████████████████████████████████████████████████| 400/400 [02:11<00:00,  3.05it/s]
2026-09-19 21:31:29,895 | INFO | Epoch 1060 metrics:█████████████████████████████████| 400/400 [02:11<00:00,  3.10it/s]
2026-09-19 21:31:29,896 | INFO | diffusion_loss: 0.00035447929985821247
2026-09-19 21:31:29,897 | INFO | reward_loss: 0.0005025322898291051
2026-09-19 21:31:29,897 | INFO | critic_loss: 0.1666378527879715
2026-09-19 21:31:29,897 | INFO | policy_loss: -0.018348386511206627
2026-09-19 21:31:29,897 | INFO | entropy_loss: -0.013246475718915462
2026-09-19 21:31:29,898 | INFO | diffusion_grad_norm: 0.13096009194850922
2026-09-19 21:31:29,898 | INFO | reward_grad_norm: 0.05537500977516174
2026-09-19 21:31:29,898 | INFO | actor_critic_grad_norm: 3.7724742889404297
2026-09-19 21:31:29,898 | INFO | gpu/memory_allocated_gb: 6.915248870849609
2026-09-19 21:31:29,898 | INFO | gpu/memory_reserved_gb: 7.93359375
2026-09-19 21:31:29,898 | INFO | gpu/max_memory_allocated_gb: 7.896428108215332
2026-09-19 21:31:29,898 | INFO | gpu/max_memory_reserved_gb: 7.93359375
2026-09-19 21:31:29,898 | INFO | trajectory/count: 0
Collecting experience: 100%|████████████████████████████████████████████████████████| 100/100 [00:00<00:00, 371.41it/s]
Training diffusion model: 100%|██████████████████████████████████████████████████████| 400/400 [00:10<00:00, 36.60it/s]
Training reward model: 100%|█████████████████████████████████████████████████████████| 400/400 [00:58<00:00,  6.89it/s]
Training actor critic: 100%|█████████████████████████████████████████████████████████| 400/400 [02:12<00:00,  3.03it/s]
Collecting experience: 100%|████████████████████████████████████████████████████████| 100/100 [00:00<00:00, 360.22it/s]
Training diffusion model: 100%|██████████████████████████████████████████████████████| 400/400 [00:10<00:00, 36.38it/s]
Training reward model: 100%|█████████████████████████████████████████████████████████| 400/400 [00:57<00:00,  6.99it/s]
Training actor critic: 100%|█████████████████████████████████████████████████████████| 400/400 [02:09<00:00,  3.08it/s]
Collecting experience: 100%|████████████████████████████████████████████████████████| 100/100 [00:00<00:00, 356.31it/s]
Training diffusion model: 100%|██████████████████████████████████████████████████████| 400/400 [00:10<00:00, 36.84it/s]
Training reward model: 100%|█████████████████████████████████████████████████████████| 400/400 [00:57<00:00,  6.95it/s]
Training actor critic: 100%|█████████████████████████████████████████████████████████| 400/400 [02:14<00:00,  2.98it/s]
Collecting experience: 100%|████████████████████████████████████████████████████████| 100/100 [00:00<00:00, 356.18it/s]
Training diffusion model: 100%|██████████████████████████████████████████████████████| 400/400 [00:11<00:00, 34.75it/s]
Training reward model: 100%|█████████████████████████████████████████████████████████| 400/400 [00:58<00:00,  6.85it/s]
Training actor critic: 100%|█████████████████████████████████████████████████████████| 400/400 [02:12<00:00,  3.01it/s]
Collecting experience: 100%|████████████████████████████████████████████████████████| 100/100 [00:00<00:00, 341.32it/s]
Training diffusion model: 100%|██████████████████████████████████████████████████████| 400/400 [00:11<00:00, 34.20it/s]
Training reward model: 100%|█████████████████████████████████████████████████████████| 400/400 [01:00<00:00,  6.61it/s]
Training actor critic: 100%|█████████████████████████████████████████████████████████| 400/400 [02:20<00:00,  2.85it/s]
Collecting experience: 100%|████████████████████████████████████████████████████████| 100/100 [00:00<00:00, 331.42it/s]
Training diffusion model: 100%|██████████████████████████████████████████████████████| 400/400 [00:12<00:00, 33.32it/s]
Training reward model: 100%|█████████████████████████████████████████████████████████| 400/400 [01:00<00:00,  6.60it/s]
Training actor critic: 100%|█████████████████████████████████████████████████████████| 400/400 [02:17<00:00,  2.91it/s]
Collecting experience: 100%|████████████████████████████████████████████████████████| 100/100 [00:00<00:00, 360.91it/s]
Training diffusion model: 100%|██████████████████████████████████████████████████████| 400/400 [00:11<00:00, 35.83it/s]
Training reward model: 100%|█████████████████████████████████████████████████████████| 400/400 [00:58<00:00,  6.80it/s]
Training actor critic: 100%|█████████████████████████████████████████████████████████| 400/400 [02:14<00:00,  2.97it/s]
Collecting experience: 100%|████████████████████████████████████████████████████████| 100/100 [00:00<00:00, 358.87it/s]
Training diffusion model: 100%|██████████████████████████████████████████████████████| 400/400 [00:10<00:00, 36.47it/s]
Training reward model: 100%|█████████████████████████████████████████████████████████| 400/400 [00:59<00:00,  6.72it/s]
Training actor critic: 100%|█████████████████████████████████████████████████████████| 400/400 [02:11<00:00,  3.04it/s]
Collecting experience: 100%|████████████████████████████████████████████████████████| 100/100 [00:00<00:00, 363.85it/s]
Training diffusion model: 100%|██████████████████████████████████████████████████████| 400/400 [00:10<00:00, 36.40it/s]
Training reward model: 100%|█████████████████████████████████████████████████████████| 400/400 [00:59<00:00,  6.69it/s]
Training actor critic: 100%|█████████████████████████████████████████████████████████| 400/400 [02:13<00:00,  3.00it/s]
Collecting experience: 100%|████████████████████████████████████████████████████████| 100/100 [00:00<00:00, 357.73it/s]
Training diffusion model: 100%|██████████████████████████████████████████████████████| 400/400 [00:11<00:00, 35.78it/s]
Training reward model: 100%|█████████████████████████████████████████████████████████| 400/400 [00:58<00:00,  6.78it/s]
Training actor critic: 100%|█████████████████████████████████████████████████████████| 400/400 [02:15<00:00,  2.95it/s]
2026-09-19 22:05:36,652 | INFO | Epoch 1070 metrics:█████████████████████████████████| 400/400 [02:15<00:00,  3.03it/s]
2026-09-19 22:05:36,653 | INFO | diffusion_loss: 0.00038996723014861345
2026-09-19 22:05:36,654 | INFO | reward_loss: 0.0005633938708342612
2026-09-19 22:05:36,654 | INFO | critic_loss: 0.17725476622581482
2026-09-19 22:05:36,654 | INFO | policy_loss: -0.017079422250390053
2026-09-19 22:05:36,654 | INFO | entropy_loss: -0.013169284909963608
2026-09-19 22:05:36,654 | INFO | diffusion_grad_norm: 0.10954900085926056
2026-09-19 22:05:36,655 | INFO | reward_grad_norm: 0.09478850662708282
2026-09-19 22:05:36,655 | INFO | actor_critic_grad_norm: 4.01566743850708
2026-09-19 22:05:36,655 | INFO | gpu/memory_allocated_gb: 6.761562347412109
2026-09-19 22:05:36,656 | INFO | gpu/memory_reserved_gb: 7.93359375
2026-09-19 22:05:36,656 | INFO | gpu/max_memory_allocated_gb: 7.896428108215332
2026-09-19 22:05:36,656 | INFO | gpu/max_memory_reserved_gb: 7.93359375
2026-09-19 22:05:36,656 | INFO | trajectory/count: 0
Collecting experience: 100%|████████████████████████████████████████████████████████| 100/100 [00:00<00:00, 350.36it/s]
Training diffusion model: 100%|██████████████████████████████████████████████████████| 400/400 [00:11<00:00, 35.28it/s]
Training reward model: 100%|█████████████████████████████████████████████████████████| 400/400 [00:58<00:00,  6.85it/s]
Training actor critic: 100%|█████████████████████████████████████████████████████████| 400/400 [02:09<00:00,  3.09it/s]
Collecting experience: 100%|████████████████████████████████████████████████████████| 100/100 [00:00<00:00, 355.86it/s]
Training diffusion model: 100%|██████████████████████████████████████████████████████| 400/400 [00:10<00:00, 37.23it/s]
Training reward model: 100%|█████████████████████████████████████████████████████████| 400/400 [00:57<00:00,  6.97it/s]
Training actor critic: 100%|█████████████████████████████████████████████████████████| 400/400 [02:11<00:00,  3.04it/s]
Collecting experience: 100%|████████████████████████████████████████████████████████| 100/100 [00:00<00:00, 357.94it/s]
Training diffusion model: 100%|██████████████████████████████████████████████████████| 400/400 [00:10<00:00, 37.24it/s]
Training reward model: 100%|█████████████████████████████████████████████████████████| 400/400 [00:56<00:00,  7.02it/s]
Training actor critic: 100%|█████████████████████████████████████████████████████████| 400/400 [02:12<00:00,  3.02it/s]
Collecting experience: 100%|████████████████████████████████████████████████████████| 100/100 [00:00<00:00, 354.17it/s]
Training diffusion model: 100%|██████████████████████████████████████████████████████| 400/400 [00:11<00:00, 34.43it/s]
Training reward model: 100%|█████████████████████████████████████████████████████████| 400/400 [00:59<00:00,  6.77it/s]
Training actor critic: 100%|█████████████████████████████████████████████████████████| 400/400 [02:15<00:00,  2.96it/s]
Collecting experience: 100%|████████████████████████████████████████████████████████| 100/100 [00:00<00:00, 348.48it/s]
Training diffusion model: 100%|██████████████████████████████████████████████████████| 400/400 [00:11<00:00, 33.43it/s]
Training reward model: 100%|█████████████████████████████████████████████████████████| 400/400 [01:01<00:00,  6.54it/s]
Training actor critic: 100%|█████████████████████████████████████████████████████████| 400/400 [02:16<00:00,  2.94it/s]
Collecting experience: 100%|████████████████████████████████████████████████████████| 100/100 [00:00<00:00, 367.32it/s]
Training diffusion model: 100%|██████████████████████████████████████████████████████| 400/400 [00:10<00:00, 37.85it/s]
Training reward model: 100%|█████████████████████████████████████████████████████████| 400/400 [00:56<00:00,  7.13it/s]
Training actor critic: 100%|█████████████████████████████████████████████████████████| 400/400 [02:13<00:00,  2.99it/s]
Collecting experience: 100%|████████████████████████████████████████████████████████| 100/100 [00:00<00:00, 351.91it/s]
Training diffusion model: 100%|██████████████████████████████████████████████████████| 400/400 [00:11<00:00, 35.93it/s]
Training reward model: 100%|█████████████████████████████████████████████████████████| 400/400 [00:58<00:00,  6.87it/s]
Training actor critic: 100%|█████████████████████████████████████████████████████████| 400/400 [02:13<00:00,  3.00it/s]
Collecting experience: 100%|████████████████████████████████████████████████████████| 100/100 [00:00<00:00, 361.47it/s]
Training diffusion model: 100%|██████████████████████████████████████████████████████| 400/400 [00:11<00:00, 36.17it/s]
Training reward model: 100%|█████████████████████████████████████████████████████████| 400/400 [00:58<00:00,  6.86it/s]
Training actor critic: 100%|█████████████████████████████████████████████████████████| 400/400 [02:12<00:00,  3.02it/s]
Collecting experience: 100%|████████████████████████████████████████████████████████| 100/100 [00:00<00:00, 363.58it/s]
Training diffusion model: 100%|██████████████████████████████████████████████████████| 400/400 [00:10<00:00, 37.63it/s]
Training reward model: 100%|█████████████████████████████████████████████████████████| 400/400 [00:57<00:00,  7.02it/s]
Training actor critic: 100%|█████████████████████████████████████████████████████████| 400/400 [02:12<00:00,  3.02it/s]
Collecting experience: 100%|████████████████████████████████████████████████████████| 100/100 [00:00<00:00, 364.72it/s]
Training diffusion model: 100%|██████████████████████████████████████████████████████| 400/400 [00:10<00:00, 37.15it/s]
Training reward model: 100%|█████████████████████████████████████████████████████████| 400/400 [00:57<00:00,  6.95it/s]
Training actor critic: 100%|█████████████████████████████████████████████████████████| 400/400 [02:10<00:00,  3.06it/s]
2026-09-19 22:39:17,720 | INFO | Epoch 1080 metrics:█████████████████████████████████| 400/400 [02:10<00:00,  3.14it/s]
2026-09-19 22:39:17,721 | INFO | diffusion_loss: 0.0003417990228626877
2026-09-19 22:39:17,721 | INFO | reward_loss: 0.0004450723063200712
2026-09-19 22:39:17,721 | INFO | critic_loss: 0.15790751576423645
2026-09-19 22:39:17,722 | INFO | policy_loss: -0.013833420351147652
2026-09-19 22:39:17,722 | INFO | entropy_loss: -0.013252200558781624
2026-09-19 22:39:17,722 | INFO | diffusion_grad_norm: 0.12168904393911362
2026-09-19 22:39:17,722 | INFO | reward_grad_norm: 0.0512770377099514
2026-09-19 22:39:17,722 | INFO | actor_critic_grad_norm: 3.5127975940704346
2026-09-19 22:39:17,723 | INFO | gpu/memory_allocated_gb: 6.795131683349609
2026-09-19 22:39:17,723 | INFO | gpu/memory_reserved_gb: 7.93359375
2026-09-19 22:39:17,723 | INFO | gpu/max_memory_allocated_gb: 7.896428108215332
2026-09-19 22:39:17,724 | INFO | gpu/max_memory_reserved_gb: 7.93359375
2026-09-19 22:39:17,724 | INFO | trajectory/count: 0
Collecting experience: 100%|████████████████████████████████████████████████████████| 100/100 [00:00<00:00, 360.60it/s]
Training diffusion model: 100%|██████████████████████████████████████████████████████| 400/400 [00:10<00:00, 38.91it/s]
Training reward model: 100%|█████████████████████████████████████████████████████████| 400/400 [00:57<00:00,  6.91it/s]
Training actor critic: 100%|█████████████████████████████████████████████████████████| 400/400 [02:12<00:00,  3.02it/s]
Collecting experience: 100%|████████████████████████████████████████████████████████| 100/100 [00:00<00:00, 352.74it/s]
Training diffusion model: 100%|██████████████████████████████████████████████████████| 400/400 [00:10<00:00, 37.41it/s]
Training reward model: 100%|█████████████████████████████████████████████████████████| 400/400 [00:57<00:00,  6.93it/s]
Training actor critic: 100%|█████████████████████████████████████████████████████████| 400/400 [02:13<00:00,  2.99it/s]
Collecting experience: 100%|████████████████████████████████████████████████████████| 100/100 [00:00<00:00, 365.66it/s]
Training diffusion model: 100%|██████████████████████████████████████████████████████| 400/400 [00:10<00:00, 37.70it/s]
Training reward model: 100%|█████████████████████████████████████████████████████████| 400/400 [00:58<00:00,  6.85it/s]
Training actor critic: 100%|█████████████████████████████████████████████████████████| 400/400 [02:15<00:00,  2.96it/s]
Collecting experience: 100%|████████████████████████████████████████████████████████| 100/100 [00:00<00:00, 348.59it/s]
Training diffusion model: 100%|██████████████████████████████████████████████████████| 400/400 [00:12<00:00, 33.27it/s]
Training reward model: 100%|█████████████████████████████████████████████████████████| 400/400 [01:01<00:00,  6.54it/s]
Training actor critic: 100%|█████████████████████████████████████████████████████████| 400/400 [02:16<00:00,  2.94it/s]
Collecting experience: 100%|████████████████████████████████████████████████████████| 100/100 [00:00<00:00, 325.60it/s]
Training diffusion model: 100%|██████████████████████████████████████████████████████| 400/400 [00:11<00:00, 35.90it/s]
Training reward model: 100%|█████████████████████████████████████████████████████████| 400/400 [00:59<00:00,  6.68it/s]
Training actor critic: 100%|█████████████████████████████████████████████████████████| 400/400 [02:11<00:00,  3.04it/s]
Collecting experience: 100%|████████████████████████████████████████████████████████| 100/100 [00:00<00:00, 359.92it/s]
Training diffusion model: 100%|██████████████████████████████████████████████████████| 400/400 [00:10<00:00, 39.30it/s]
Training reward model: 100%|█████████████████████████████████████████████████████████| 400/400 [00:57<00:00,  7.01it/s]
Training actor critic: 100%|█████████████████████████████████████████████████████████| 400/400 [02:13<00:00,  3.01it/s]
Collecting experience: 100%|████████████████████████████████████████████████████████| 100/100 [00:00<00:00, 355.35it/s]
Training diffusion model: 100%|██████████████████████████████████████████████████████| 400/400 [00:11<00:00, 34.83it/s]
Training reward model: 100%|█████████████████████████████████████████████████████████| 400/400 [01:00<00:00,  6.64it/s]
Training actor critic: 100%|█████████████████████████████████████████████████████████| 400/400 [02:13<00:00,  3.00it/s]
Collecting experience: 100%|████████████████████████████████████████████████████████| 100/100 [00:00<00:00, 364.61it/s]
Training diffusion model: 100%|██████████████████████████████████████████████████████| 400/400 [00:10<00:00, 37.75it/s]
Training reward model: 100%|█████████████████████████████████████████████████████████| 400/400 [00:58<00:00,  6.86it/s]
Training actor critic: 100%|█████████████████████████████████████████████████████████| 400/400 [02:10<00:00,  3.07it/s]
Collecting experience: 100%|████████████████████████████████████████████████████████| 100/100 [00:00<00:00, 349.45it/s]
Training diffusion model: 100%|██████████████████████████████████████████████████████| 400/400 [00:10<00:00, 36.54it/s]
Training reward model: 100%|█████████████████████████████████████████████████████████| 400/400 [01:05<00:00,  6.08it/s]
Training actor critic: 100%|█████████████████████████████████████████████████████████| 400/400 [02:25<00:00,  2.74it/s]
Collecting experience: 100%|████████████████████████████████████████████████████████| 100/100 [00:00<00:00, 331.31it/s]
Training diffusion model: 100%|██████████████████████████████████████████████████████| 400/400 [00:12<00:00, 33.14it/s]
Training reward model: 100%|█████████████████████████████████████████████████████████| 400/400 [01:06<00:00,  6.04it/s]
Training actor critic: 100%|█████████████████████████████████████████████████████████| 400/400 [02:24<00:00,  2.77it/s]
2026-09-19 23:13:49,882 | INFO | Epoch 1090 metrics:█████████████████████████████████| 400/400 [02:24<00:00,  2.66it/s]
2026-09-19 23:13:49,883 | INFO | diffusion_loss: 0.0003266601706854999
2026-09-19 23:13:49,883 | INFO | reward_loss: 2.0685893105110154e-05
2026-09-19 23:13:49,883 | INFO | critic_loss: 0.16430139541625977
2026-09-19 23:13:49,884 | INFO | policy_loss: -0.015525884926319122
2026-09-19 23:13:49,884 | INFO | entropy_loss: -0.013219774700701237
2026-09-19 23:13:49,884 | INFO | diffusion_grad_norm: 0.11232232302427292
2026-09-19 23:13:49,885 | INFO | reward_grad_norm: 0.002515285974368453
2026-09-19 23:13:49,885 | INFO | actor_critic_grad_norm: 3.8885440826416016
2026-09-19 23:13:49,885 | INFO | gpu/memory_allocated_gb: 6.787807464599609
2026-09-19 23:13:49,885 | INFO | gpu/memory_reserved_gb: 7.93359375
2026-09-19 23:13:49,886 | INFO | gpu/max_memory_allocated_gb: 7.896428108215332
2026-09-19 23:13:49,886 | INFO | gpu/max_memory_reserved_gb: 7.93359375
2026-09-19 23:13:49,886 | INFO | trajectory/count: 1
2026-09-19 23:13:49,886 | INFO | trajectory/length: 3415.0
2026-09-19 23:13:49,886 | INFO | trajectory/total_reward: 8.0
Collecting experience: 100%|████████████████████████████████████████████████████████| 100/100 [00:00<00:00, 281.05it/s]
Training diffusion model: 100%|██████████████████████████████████████████████████████| 400/400 [00:12<00:00, 33.03it/s]
Training reward model: 100%|█████████████████████████████████████████████████████████| 400/400 [01:01<00:00,  6.50it/s]
Training actor critic: 100%|█████████████████████████████████████████████████████████| 400/400 [02:19<00:00,  2.87it/s]
Collecting experience: 100%|████████████████████████████████████████████████████████| 100/100 [00:00<00:00, 341.01it/s]
Training diffusion model: 100%|██████████████████████████████████████████████████████| 400/400 [00:11<00:00, 36.24it/s]
Training reward model: 100%|█████████████████████████████████████████████████████████| 400/400 [01:01<00:00,  6.53it/s]
Training actor critic: 100%|█████████████████████████████████████████████████████████| 400/400 [02:18<00:00,  2.89it/s]
Collecting experience: 100%|████████████████████████████████████████████████████████| 100/100 [00:00<00:00, 343.76it/s]
Training diffusion model: 100%|██████████████████████████████████████████████████████| 400/400 [00:11<00:00, 36.15it/s]
Training reward model: 100%|█████████████████████████████████████████████████████████| 400/400 [00:59<00:00,  6.67it/s]
Training actor critic: 100%|█████████████████████████████████████████████████████████| 400/400 [02:15<00:00,  2.94it/s]
Collecting experience: 100%|████████████████████████████████████████████████████████| 100/100 [00:00<00:00, 344.84it/s]
Training diffusion model: 100%|██████████████████████████████████████████████████████| 400/400 [00:11<00:00, 35.73it/s]
Training reward model: 100%|█████████████████████████████████████████████████████████| 400/400 [01:00<00:00,  6.56it/s]
Training actor critic: 100%|█████████████████████████████████████████████████████████| 400/400 [02:17<00:00,  2.90it/s]
Collecting experience: 100%|████████████████████████████████████████████████████████| 100/100 [00:00<00:00, 325.11it/s]
Training diffusion model: 100%|██████████████████████████████████████████████████████| 400/400 [00:11<00:00, 34.84it/s]
Training reward model: 100%|█████████████████████████████████████████████████████████| 400/400 [01:01<00:00,  6.53it/s]
Training actor critic: 100%|█████████████████████████████████████████████████████████| 400/400 [02:17<00:00,  2.92it/s]
Collecting experience: 100%|████████████████████████████████████████████████████████| 100/100 [00:00<00:00, 314.68it/s]
Training diffusion model: 100%|██████████████████████████████████████████████████████| 400/400 [00:10<00:00, 37.17it/s]
Training reward model: 100%|█████████████████████████████████████████████████████████| 400/400 [01:00<00:00,  6.63it/s]
Training actor critic: 100%|█████████████████████████████████████████████████████████| 400/400 [02:17<00:00,  2.91it/s]
Collecting experience: 100%|████████████████████████████████████████████████████████| 100/100 [00:00<00:00, 328.05it/s]
Training diffusion model: 100%|██████████████████████████████████████████████████████| 400/400 [00:13<00:00, 29.30it/s]
Training reward model: 100%|█████████████████████████████████████████████████████████| 400/400 [00:58<00:00,  6.87it/s]
Training actor critic: 100%|█████████████████████████████████████████████████████████| 400/400 [02:10<00:00,  3.07it/s]
Collecting experience: 100%|████████████████████████████████████████████████████████| 100/100 [00:00<00:00, 364.61it/s]
Training diffusion model: 100%|██████████████████████████████████████████████████████| 400/400 [00:10<00:00, 36.78it/s]
Training reward model: 100%|█████████████████████████████████████████████████████████| 400/400 [00:58<00:00,  6.85it/s]
Training actor critic: 100%|█████████████████████████████████████████████████████████| 400/400 [02:11<00:00,  3.05it/s]
Collecting experience: 100%|████████████████████████████████████████████████████████| 100/100 [00:00<00:00, 364.46it/s]
Training diffusion model: 100%|██████████████████████████████████████████████████████| 400/400 [00:11<00:00, 35.97it/s]
Training reward model: 100%|█████████████████████████████████████████████████████████| 400/400 [00:58<00:00,  6.81it/s]
Training actor critic: 100%|█████████████████████████████████████████████████████████| 400/400 [02:20<00:00,  2.85it/s]
Collecting experience: 100%|████████████████████████████████████████████████████████| 100/100 [00:00<00:00, 353.30it/s]
Training diffusion model: 100%|██████████████████████████████████████████████████████| 400/400 [00:11<00:00, 35.01it/s]
Training reward model: 100%|█████████████████████████████████████████████████████████| 400/400 [01:00<00:00,  6.61it/s]
Training actor critic: 100%|█████████████████████████████████████████████████████████| 400/400 [02:16<00:00,  2.94it/s]
2026-09-19 23:48:32,968 | INFO | Epoch 1100 metrics:█████████████████████████████████| 400/400 [02:16<00:00,  2.98it/s]
2026-09-19 23:48:32,969 | INFO | diffusion_loss: 0.00035617323010228574
2026-09-19 23:48:32,970 | INFO | reward_loss: 0.0002816308115143329
2026-09-19 23:48:32,970 | INFO | critic_loss: 0.16664418578147888
2026-09-19 23:48:32,970 | INFO | policy_loss: -0.016782548278570175
2026-09-19 23:48:32,971 | INFO | entropy_loss: -0.013331890106201172
2026-09-19 23:48:32,971 | INFO | diffusion_grad_norm: 0.1191505417227745
2026-09-19 23:48:32,971 | INFO | reward_grad_norm: 0.04541091248393059
2026-09-19 23:48:32,972 | INFO | actor_critic_grad_norm: 3.749896287918091
2026-09-19 23:48:32,972 | INFO | gpu/memory_allocated_gb: 6.757534027099609
2026-09-19 23:48:32,972 | INFO | gpu/memory_reserved_gb: 7.93359375
2026-09-19 23:48:32,972 | INFO | gpu/max_memory_allocated_gb: 7.896428108215332
2026-09-19 23:48:32,972 | INFO | gpu/max_memory_reserved_gb: 7.93359375
2026-09-19 23:48:32,973 | INFO | trajectory/count: 0
2026-09-19 23:48:32,973 | INFO | Saving checkpoint for run 1 on env ALE/Pong-v5 at epoch 1100
2026-09-19 23:48:39,389 | INFO | Saved checkpoint checkpoints/run_1/checkpoint_epoch_1100/models.pt and dataset checkpoints/run_1/checkpoint_epoch_1100/dataset.pt at epoch 1100
2026-09-19 23:48:39,845 | INFO | HTTP Request: GET https://huggingface.co/api/agent-harnesses "HTTP/1.1 200 OK"
2026-09-19 23:48:39,926 | INFO | HTTP Request: POST https://huggingface.co/api/repos/create "HTTP/1.1 409 Conflict"
2026-09-19 23:48:40,111 | INFO | HTTP Request: POST https://huggingface.co/api/models/Marcorico/diamond/preupload/main "HTTP/1.1 200 OK"
Processing Files (1 / 1)      : 100%|█████████████████████████████████████████████████████| 84.6MB / 84.6MB, 7.24MB/s  
New Data Upload               : 100%|█████████████████████████████████████████████████████| 84.5MB / 84.5MB, 7.24MB/s  
  ...oint_epoch_1100/models.pt: 100%|█████████████████████████████████████████████████████| 84.6MB / 84.6MB            
2026-09-19 23:48:43,157 | INFO | HTTP Request: POST https://huggingface.co/api/models/Marcorico/diamond/commit/main "HTTP/1.1 200 OK"
2026-09-19 23:48:43,375 | INFO | HTTP Request: POST https://huggingface.co/api/models/Marcorico/diamond/preupload/main "HTTP/1.1 200 OK"
Processing Files (0 / 1)      : 100%|████████████████████████████████████████████████████▉| 1.48GB / 1.48GB, 96.5MB/s  
New Data Upload               : 100%|█████████████████████████████████████████████████████| 1.47GB / 1.47GB, 96.3MB/s  
  ...int_epoch_1100/dataset.pt: 100%|████████████████████████████████████████████████████▉| 1.48GB / 1.48GB            
2026-09-19 23:48:51,951 | INFO | HTTP Request: POST https://huggingface.co/api/models/Marcorico/diamond/commit/main "HTTP/1.1 200 OK"
Collecting experience: 100%|████████████████████████████████████████████████████████| 100/100 [00:00<00:00, 301.56it/s]
Training diffusion model: 100%|██████████████████████████████████████████████████████| 400/400 [00:11<00:00, 33.61it/s]
Training reward model: 100%|█████████████████████████████████████████████████████████| 400/400 [01:03<00:00,  6.28it/s]
Training actor critic: 100%|█████████████████████████████████████████████████████████| 400/400 [02:24<00:00,  2.78it/s]
Collecting experience: 100%|████████████████████████████████████████████████████████| 100/100 [00:00<00:00, 326.36it/s]
Training diffusion model: 100%|██████████████████████████████████████████████████████| 400/400 [00:11<00:00, 34.03it/s]
Training reward model: 100%|█████████████████████████████████████████████████████████| 400/400 [01:02<00:00,  6.37it/s]
Training actor critic: 100%|█████████████████████████████████████████████████████████| 400/400 [02:18<00:00,  2.88it/s]
Collecting experience: 100%|████████████████████████████████████████████████████████| 100/100 [00:00<00:00, 349.84it/s]
Training diffusion model: 100%|██████████████████████████████████████████████████████| 400/400 [00:11<00:00, 35.12it/s]
Training reward model: 100%|█████████████████████████████████████████████████████████| 400/400 [01:02<00:00,  6.38it/s]
Training actor critic: 100%|█████████████████████████████████████████████████████████| 400/400 [02:18<00:00,  2.89it/s]
Collecting experience: 100%|████████████████████████████████████████████████████████| 100/100 [00:00<00:00, 338.15it/s]
Training diffusion model: 100%|██████████████████████████████████████████████████████| 400/400 [00:10<00:00, 36.78it/s]
Training reward model: 100%|█████████████████████████████████████████████████████████| 400/400 [01:03<00:00,  6.31it/s]
Training actor critic: 100%|█████████████████████████████████████████████████████████| 400/400 [02:17<00:00,  2.90it/s]
Collecting experience: 100%|████████████████████████████████████████████████████████| 100/100 [00:00<00:00, 318.41it/s]
Training diffusion model: 100%|██████████████████████████████████████████████████████| 400/400 [00:11<00:00, 35.69it/s]
Training reward model: 100%|█████████████████████████████████████████████████████████| 400/400 [01:00<00:00,  6.57it/s]
Training actor critic: 100%|█████████████████████████████████████████████████████████| 400/400 [02:21<00:00,  2.83it/s]
Collecting experience: 100%|████████████████████████████████████████████████████████| 100/100 [00:00<00:00, 340.99it/s]
Training diffusion model: 100%|██████████████████████████████████████████████████████| 400/400 [00:12<00:00, 32.82it/s]
Training reward model: 100%|█████████████████████████████████████████████████████████| 400/400 [01:03<00:00,  6.29it/s]
Training actor critic: 100%|█████████████████████████████████████████████████████████| 400/400 [02:17<00:00,  2.90it/s]
Collecting experience: 100%|████████████████████████████████████████████████████████| 100/100 [00:00<00:00, 306.33it/s]
Training diffusion model: 100%|██████████████████████████████████████████████████████| 400/400 [00:11<00:00, 35.56it/s]
Training reward model: 100%|█████████████████████████████████████████████████████████| 400/400 [01:01<00:00,  6.53it/s]
Training actor critic: 100%|█████████████████████████████████████████████████████████| 400/400 [02:20<00:00,  2.85it/s]
Collecting experience: 100%|████████████████████████████████████████████████████████| 100/100 [00:00<00:00, 364.73it/s]
Training diffusion model: 100%|██████████████████████████████████████████████████████| 400/400 [00:11<00:00, 35.99it/s]
Training reward model: 100%|█████████████████████████████████████████████████████████| 400/400 [00:58<00:00,  6.81it/s]
Training actor critic: 100%|█████████████████████████████████████████████████████████| 400/400 [02:10<00:00,  3.06it/s]
Collecting experience: 100%|████████████████████████████████████████████████████████| 100/100 [00:00<00:00, 305.37it/s]
Training diffusion model: 100%|██████████████████████████████████████████████████████| 400/400 [00:10<00:00, 37.09it/s]
Training reward model: 100%|█████████████████████████████████████████████████████████| 400/400 [00:58<00:00,  6.84it/s]
Training actor critic: 100%|█████████████████████████████████████████████████████████| 400/400 [02:13<00:00,  3.01it/s]
Collecting experience: 100%|████████████████████████████████████████████████████████| 100/100 [00:00<00:00, 356.10it/s]
Training diffusion model: 100%|██████████████████████████████████████████████████████| 400/400 [00:11<00:00, 34.89it/s]
Training reward model: 100%|█████████████████████████████████████████████████████████| 400/400 [01:01<00:00,  6.50it/s]
Training actor critic: 100%|█████████████████████████████████████████████████████████| 400/400 [02:20<00:00,  2.85it/s]
2026-09-20 00:24:08,178 | INFO | Epoch 1110 metrics:█████████████████████████████████| 400/400 [02:20<00:00,  2.93it/s]
2026-09-20 00:24:08,179 | INFO | diffusion_loss: 0.00031632042373530567
2026-09-20 00:24:08,180 | INFO | reward_loss: 2.1569037471635966e-06
2026-09-20 00:24:08,180 | INFO | critic_loss: 0.1759837120771408
2026-09-20 00:24:08,181 | INFO | policy_loss: -0.014234522357583046
2026-09-20 00:24:08,181 | INFO | entropy_loss: -0.013591171242296696
2026-09-20 00:24:08,181 | INFO | diffusion_grad_norm: 0.12943866848945618
2026-09-20 00:24:08,181 | INFO | reward_grad_norm: 0.00014340753841679543
2026-09-20 00:24:08,181 | INFO | actor_critic_grad_norm: 3.8171546459198
2026-09-20 00:24:08,181 | INFO | gpu/memory_allocated_gb: 6.729091644287109
2026-09-20 00:24:08,182 | INFO | gpu/memory_reserved_gb: 7.93359375
2026-09-20 00:24:08,182 | INFO | gpu/max_memory_allocated_gb: 7.896428108215332
2026-09-20 00:24:08,182 | INFO | gpu/max_memory_reserved_gb: 7.93359375
2026-09-20 00:24:08,182 | INFO | trajectory/count: 0
Collecting experience: 100%|████████████████████████████████████████████████████████| 100/100 [00:00<00:00, 335.96it/s]
Training diffusion model: 100%|██████████████████████████████████████████████████████| 400/400 [00:11<00:00, 35.27it/s]
Training reward model: 100%|█████████████████████████████████████████████████████████| 400/400 [01:01<00:00,  6.54it/s]
Training actor critic: 100%|█████████████████████████████████████████████████████████| 400/400 [02:19<00:00,  2.88it/s]
Collecting experience: 100%|████████████████████████████████████████████████████████| 100/100 [00:00<00:00, 328.60it/s]
Training diffusion model: 100%|██████████████████████████████████████████████████████| 400/400 [00:12<00:00, 31.63it/s]
Training reward model: 100%|█████████████████████████████████████████████████████████| 400/400 [01:03<00:00,  6.32it/s]
Training actor critic: 100%|█████████████████████████████████████████████████████████| 400/400 [02:20<00:00,  2.85it/s]
Collecting experience: 100%|████████████████████████████████████████████████████████| 100/100 [00:00<00:00, 318.98it/s]
Training diffusion model: 100%|██████████████████████████████████████████████████████| 400/400 [00:11<00:00, 35.39it/s]
Training reward model: 100%|█████████████████████████████████████████████████████████| 400/400 [01:00<00:00,  6.60it/s]
Training actor critic: 100%|█████████████████████████████████████████████████████████| 400/400 [02:20<00:00,  2.84it/s]
Collecting experience: 100%|████████████████████████████████████████████████████████| 100/100 [00:00<00:00, 337.11it/s]
Training diffusion model: 100%|██████████████████████████████████████████████████████| 400/400 [00:11<00:00, 33.90it/s]
Training reward model: 100%|█████████████████████████████████████████████████████████| 400/400 [01:01<00:00,  6.49it/s]
Training actor critic: 100%|█████████████████████████████████████████████████████████| 400/400 [02:19<00:00,  2.88it/s]
Collecting experience: 100%|████████████████████████████████████████████████████████| 100/100 [00:00<00:00, 342.49it/s]
Training diffusion model: 100%|██████████████████████████████████████████████████████| 400/400 [00:11<00:00, 36.19it/s]
Training reward model: 100%|█████████████████████████████████████████████████████████| 400/400 [01:00<00:00,  6.56it/s]
Training actor critic: 100%|█████████████████████████████████████████████████████████| 400/400 [02:20<00:00,  2.84it/s]
Collecting experience: 100%|████████████████████████████████████████████████████████| 100/100 [00:00<00:00, 355.76it/s]
Training diffusion model: 100%|██████████████████████████████████████████████████████| 400/400 [00:11<00:00, 35.59it/s]
Training reward model: 100%|█████████████████████████████████████████████████████████| 400/400 [01:00<00:00,  6.61it/s]
Training actor critic: 100%|█████████████████████████████████████████████████████████| 400/400 [02:22<00:00,  2.81it/s]
Collecting experience: 100%|████████████████████████████████████████████████████████| 100/100 [00:00<00:00, 328.93it/s]
Training diffusion model: 100%|██████████████████████████████████████████████████████| 400/400 [00:12<00:00, 32.22it/s]
Training reward model: 100%|█████████████████████████████████████████████████████████| 400/400 [01:02<00:00,  6.42it/s]
Training actor critic: 100%|█████████████████████████████████████████████████████████| 400/400 [02:17<00:00,  2.90it/s]
Collecting experience: 100%|████████████████████████████████████████████████████████| 100/100 [00:00<00:00, 299.16it/s]
Training diffusion model: 100%|██████████████████████████████████████████████████████| 400/400 [00:11<00:00, 35.08it/s]
Training reward model: 100%|█████████████████████████████████████████████████████████| 400/400 [01:01<00:00,  6.55it/s]
Training actor critic: 100%|█████████████████████████████████████████████████████████| 400/400 [02:18<00:00,  2.88it/s]
Collecting experience: 100%|████████████████████████████████████████████████████████| 100/100 [00:00<00:00, 337.52it/s]
Training diffusion model: 100%|██████████████████████████████████████████████████████| 400/400 [00:10<00:00, 37.00it/s]
Training reward model: 100%|█████████████████████████████████████████████████████████| 400/400 [00:57<00:00,  6.91it/s]
Training actor critic: 100%|█████████████████████████████████████████████████████████| 400/400 [02:14<00:00,  2.98it/s]
Collecting experience: 100%|████████████████████████████████████████████████████████| 100/100 [00:00<00:00, 353.78it/s]
Training diffusion model: 100%|██████████████████████████████████████████████████████| 400/400 [00:11<00:00, 35.74it/s]
Training reward model: 100%|█████████████████████████████████████████████████████████| 400/400 [00:59<00:00,  6.70it/s]
Training actor critic: 100%|█████████████████████████████████████████████████████████| 400/400 [02:12<00:00,  3.02it/s]
2026-09-20 00:59:21,080 | INFO | Epoch 1120 metrics:█████████████████████████████████| 400/400 [02:12<00:00,  2.97it/s]
2026-09-20 00:59:21,081 | INFO | diffusion_loss: 0.0003475231060292572
2026-09-20 00:59:21,081 | INFO | reward_loss: 0.0003062377800233662
2026-09-20 00:59:21,081 | INFO | critic_loss: 0.17047473788261414
2026-09-20 00:59:21,081 | INFO | policy_loss: -0.017827756702899933
2026-09-20 00:59:21,081 | INFO | entropy_loss: -0.012998126447200775
2026-09-20 00:59:21,081 | INFO | diffusion_grad_norm: 0.11056530475616455
2026-09-20 00:59:21,082 | INFO | reward_grad_norm: 0.0005632973625324667
2026-09-20 00:59:21,082 | INFO | actor_critic_grad_norm: 4.120400428771973
2026-09-20 00:59:21,082 | INFO | gpu/memory_allocated_gb: 6.856166839599609
2026-09-20 00:59:21,082 | INFO | gpu/memory_reserved_gb: 7.93359375
2026-09-20 00:59:21,083 | INFO | gpu/max_memory_allocated_gb: 7.896428108215332
2026-09-20 00:59:21,083 | INFO | gpu/max_memory_reserved_gb: 7.93359375
2026-09-20 00:59:21,083 | INFO | trajectory/count: 1
2026-09-20 00:59:21,083 | INFO | trajectory/length: 3246.0
2026-09-20 00:59:21,083 | INFO | trajectory/total_reward: 11.0
Collecting experience: 100%|████████████████████████████████████████████████████████| 100/100 [00:00<00:00, 356.05it/s]
Training diffusion model: 100%|██████████████████████████████████████████████████████| 400/400 [00:11<00:00, 35.99it/s]
Training reward model: 100%|█████████████████████████████████████████████████████████| 400/400 [00:59<00:00,  6.76it/s]
Training actor critic: 100%|█████████████████████████████████████████████████████████| 400/400 [02:15<00:00,  2.94it/s]
Collecting experience: 100%|████████████████████████████████████████████████████████| 100/100 [00:00<00:00, 354.58it/s]
Training diffusion model: 100%|██████████████████████████████████████████████████████| 400/400 [00:11<00:00, 35.34it/s]
Training reward model: 100%|█████████████████████████████████████████████████████████| 400/400 [01:01<00:00,  6.51it/s]
Training actor critic: 100%|█████████████████████████████████████████████████████████| 400/400 [02:19<00:00,  2.87it/s]
Collecting experience: 100%|████████████████████████████████████████████████████████| 100/100 [00:00<00:00, 333.08it/s]
Training diffusion model: 100%|██████████████████████████████████████████████████████| 400/400 [00:11<00:00, 34.98it/s]
Training reward model: 100%|█████████████████████████████████████████████████████████| 400/400 [01:02<00:00,  6.44it/s]
Training actor critic: 100%|█████████████████████████████████████████████████████████| 400/400 [02:16<00:00,  2.93it/s]
Collecting experience: 100%|████████████████████████████████████████████████████████| 100/100 [00:00<00:00, 321.24it/s]
Training diffusion model: 100%|██████████████████████████████████████████████████████| 400/400 [00:11<00:00, 34.10it/s]
Training reward model: 100%|█████████████████████████████████████████████████████████| 400/400 [01:01<00:00,  6.50it/s]
Training actor critic: 100%|█████████████████████████████████████████████████████████| 400/400 [02:20<00:00,  2.85it/s]
Collecting experience: 100%|████████████████████████████████████████████████████████| 100/100 [00:00<00:00, 337.88it/s]
Training diffusion model: 100%|██████████████████████████████████████████████████████| 400/400 [00:12<00:00, 32.98it/s]
Training reward model: 100%|█████████████████████████████████████████████████████████| 400/400 [01:03<00:00,  6.31it/s]
Training actor critic: 100%|█████████████████████████████████████████████████████████| 400/400 [02:21<00:00,  2.83it/s]
Collecting experience: 100%|████████████████████████████████████████████████████████| 100/100 [00:00<00:00, 316.61it/s]
Training diffusion model: 100%|██████████████████████████████████████████████████████| 400/400 [00:11<00:00, 33.57it/s]
Training reward model: 100%|█████████████████████████████████████████████████████████| 400/400 [01:00<00:00,  6.58it/s]
Training actor critic: 100%|█████████████████████████████████████████████████████████| 400/400 [02:17<00:00,  2.91it/s]
Collecting experience: 100%|████████████████████████████████████████████████████████| 100/100 [00:00<00:00, 308.62it/s]
Training diffusion model: 100%|██████████████████████████████████████████████████████| 400/400 [00:11<00:00, 34.60it/s]
Training reward model: 100%|█████████████████████████████████████████████████████████| 400/400 [01:02<00:00,  6.43it/s]
Training actor critic: 100%|█████████████████████████████████████████████████████████| 400/400 [02:16<00:00,  2.92it/s]
Collecting experience: 100%|████████████████████████████████████████████████████████| 100/100 [00:00<00:00, 341.64it/s]
Training diffusion model: 100%|██████████████████████████████████████████████████████| 400/400 [00:11<00:00, 33.84it/s]
Training reward model: 100%|█████████████████████████████████████████████████████████| 400/400 [01:02<00:00,  6.37it/s]
Training actor critic: 100%|█████████████████████████████████████████████████████████| 400/400 [02:18<00:00,  2.90it/s]
Collecting experience: 100%|████████████████████████████████████████████████████████| 100/100 [00:00<00:00, 353.97it/s]
Training diffusion model: 100%|██████████████████████████████████████████████████████| 400/400 [00:11<00:00, 35.65it/s]
Training reward model: 100%|█████████████████████████████████████████████████████████| 400/400 [01:01<00:00,  6.54it/s]
Training actor critic: 100%|█████████████████████████████████████████████████████████| 400/400 [02:20<00:00,  2.84it/s]
Collecting experience: 100%|████████████████████████████████████████████████████████| 100/100 [00:00<00:00, 346.67it/s]
Training diffusion model: 100%|██████████████████████████████████████████████████████| 400/400 [00:11<00:00, 35.60it/s]
Training reward model: 100%|█████████████████████████████████████████████████████████| 400/400 [00:59<00:00,  6.77it/s]
Training actor critic: 100%|█████████████████████████████████████████████████████████| 400/400 [02:12<00:00,  3.03it/s]
2026-09-20 01:34:32,475 | INFO | Epoch 1130 metrics:█████████████████████████████████| 400/400 [02:12<00:00,  2.90it/s]
2026-09-20 01:34:32,476 | INFO | diffusion_loss: 0.0003262364480178803
2026-09-20 01:34:32,476 | INFO | reward_loss: 0.0006791119230911136
2026-09-20 01:34:32,477 | INFO | critic_loss: 0.17012296617031097
2026-09-20 01:34:32,477 | INFO | policy_loss: -0.01617414504289627
2026-09-20 01:34:32,477 | INFO | entropy_loss: -0.013380791060626507
2026-09-20 01:34:32,477 | INFO | diffusion_grad_norm: 0.12660549581050873
2026-09-20 01:34:32,477 | INFO | reward_grad_norm: 0.045246388763189316
2026-09-20 01:34:32,478 | INFO | actor_critic_grad_norm: 4.030348300933838
2026-09-20 01:34:32,478 | INFO | gpu/memory_allocated_gb: 6.825405120849609
2026-09-20 01:34:32,478 | INFO | gpu/memory_reserved_gb: 7.93359375
2026-09-20 01:34:32,478 | INFO | gpu/max_memory_allocated_gb: 7.896428108215332
2026-09-20 01:34:32,478 | INFO | gpu/max_memory_reserved_gb: 7.93359375
2026-09-20 01:34:32,479 | INFO | trajectory/count: 0
Collecting experience: 100%|████████████████████████████████████████████████████████| 100/100 [00:00<00:00, 360.66it/s]
Training diffusion model: 100%|██████████████████████████████████████████████████████| 400/400 [00:11<00:00, 36.24it/s]
Training reward model: 100%|█████████████████████████████████████████████████████████| 400/400 [00:58<00:00,  6.81it/s]
Training actor critic: 100%|█████████████████████████████████████████████████████████| 400/400 [02:10<00:00,  3.06it/s]
Collecting experience: 100%|████████████████████████████████████████████████████████| 100/100 [00:00<00:00, 367.27it/s]
Training diffusion model: 100%|██████████████████████████████████████████████████████| 400/400 [00:11<00:00, 35.29it/s]
Training reward model: 100%|█████████████████████████████████████████████████████████| 400/400 [01:00<00:00,  6.62it/s]
Training actor critic: 100%|█████████████████████████████████████████████████████████| 400/400 [02:18<00:00,  2.89it/s]
Collecting experience: 100%|████████████████████████████████████████████████████████| 100/100 [00:00<00:00, 349.89it/s]
Training diffusion model: 100%|██████████████████████████████████████████████████████| 400/400 [00:11<00:00, 34.47it/s]
Training reward model: 100%|█████████████████████████████████████████████████████████| 400/400 [01:01<00:00,  6.54it/s]
Training actor critic: 100%|█████████████████████████████████████████████████████████| 400/400 [02:18<00:00,  2.89it/s]
Collecting experience: 100%|████████████████████████████████████████████████████████| 100/100 [00:00<00:00, 317.50it/s]
Training diffusion model: 100%|██████████████████████████████████████████████████████| 400/400 [00:12<00:00, 32.67it/s]
Training reward model: 100%|█████████████████████████████████████████████████████████| 400/400 [01:00<00:00,  6.63it/s]
Training actor critic: 100%|█████████████████████████████████████████████████████████| 400/400 [02:17<00:00,  2.90it/s]
Collecting experience: 100%|████████████████████████████████████████████████████████| 100/100 [00:00<00:00, 343.39it/s]
Training diffusion model: 100%|██████████████████████████████████████████████████████| 400/400 [00:11<00:00, 34.25it/s]
Training reward model: 100%|█████████████████████████████████████████████████████████| 400/400 [01:02<00:00,  6.40it/s]
Training actor critic: 100%|█████████████████████████████████████████████████████████| 400/400 [02:19<00:00,  2.88it/s]
Collecting experience: 100%|████████████████████████████████████████████████████████| 100/100 [00:00<00:00, 359.11it/s]
Training diffusion model: 100%|██████████████████████████████████████████████████████| 400/400 [00:12<00:00, 32.79it/s]
Training reward model: 100%|█████████████████████████████████████████████████████████| 400/400 [01:00<00:00,  6.58it/s]
Training actor critic: 100%|█████████████████████████████████████████████████████████| 400/400 [02:15<00:00,  2.94it/s]
Collecting experience: 100%|████████████████████████████████████████████████████████| 100/100 [00:00<00:00, 321.37it/s]
Training diffusion model: 100%|██████████████████████████████████████████████████████| 400/400 [00:11<00:00, 33.76it/s]
Training reward model: 100%|█████████████████████████████████████████████████████████| 400/400 [01:00<00:00,  6.64it/s]
Training actor critic: 100%|█████████████████████████████████████████████████████████| 400/400 [02:17<00:00,  2.91it/s]
Collecting experience: 100%|████████████████████████████████████████████████████████| 100/100 [00:00<00:00, 307.81it/s]
Training diffusion model: 100%|██████████████████████████████████████████████████████| 400/400 [00:12<00:00, 32.75it/s]
Training reward model: 100%|█████████████████████████████████████████████████████████| 400/400 [01:01<00:00,  6.47it/s]
Training actor critic: 100%|█████████████████████████████████████████████████████████| 400/400 [02:18<00:00,  2.89it/s]
Collecting experience: 100%|████████████████████████████████████████████████████████| 100/100 [00:00<00:00, 293.99it/s]
Training diffusion model: 100%|██████████████████████████████████████████████████████| 400/400 [00:12<00:00, 30.90it/s]
Training reward model: 100%|█████████████████████████████████████████████████████████| 400/400 [01:01<00:00,  6.52it/s]
Training actor critic: 100%|█████████████████████████████████████████████████████████| 400/400 [02:23<00:00,  2.79it/s]
Collecting experience: 100%|████████████████████████████████████████████████████████| 100/100 [00:00<00:00, 348.46it/s]
Training diffusion model: 100%|██████████████████████████████████████████████████████| 400/400 [00:12<00:00, 33.16it/s]
Training reward model: 100%|█████████████████████████████████████████████████████████| 400/400 [01:02<00:00,  6.44it/s]
Training actor critic: 100%|█████████████████████████████████████████████████████████| 400/400 [02:16<00:00,  2.93it/s]
2026-09-20 02:09:40,552 | INFO | Epoch 1140 metrics:█████████████████████████████████| 400/400 [02:16<00:00,  2.95it/s]
2026-09-20 02:09:40,553 | INFO | diffusion_loss: 0.000359142548404634
2026-09-20 02:09:40,553 | INFO | reward_loss: 0.00017824395035859197
2026-09-20 02:09:40,554 | INFO | critic_loss: 0.16645245254039764
2026-09-20 02:09:40,554 | INFO | policy_loss: -0.017055854201316833
2026-09-20 02:09:40,554 | INFO | entropy_loss: -0.013262584805488586
2026-09-20 02:09:40,554 | INFO | diffusion_grad_norm: 0.1478305160999298
2026-09-20 02:09:40,554 | INFO | reward_grad_norm: 0.008203784935176373
2026-09-20 02:09:40,554 | INFO | actor_critic_grad_norm: 3.823012590408325
2026-09-20 02:09:40,554 | INFO | gpu/memory_allocated_gb: 6.727382659912109
2026-09-20 02:09:40,554 | INFO | gpu/memory_reserved_gb: 7.93359375
2026-09-20 02:09:40,555 | INFO | gpu/max_memory_allocated_gb: 7.896428108215332
2026-09-20 02:09:40,555 | INFO | gpu/max_memory_reserved_gb: 7.93359375
2026-09-20 02:09:40,555 | INFO | trajectory/count: 0
Collecting experience: 100%|████████████████████████████████████████████████████████| 100/100 [00:00<00:00, 354.02it/s]
Training diffusion model: 100%|██████████████████████████████████████████████████████| 400/400 [00:11<00:00, 35.81it/s]
Training reward model: 100%|█████████████████████████████████████████████████████████| 400/400 [00:58<00:00,  6.88it/s]
Training actor critic: 100%|█████████████████████████████████████████████████████████| 400/400 [02:10<00:00,  3.06it/s]
Collecting experience: 100%|████████████████████████████████████████████████████████| 100/100 [00:00<00:00, 361.50it/s]
Training diffusion model: 100%|██████████████████████████████████████████████████████| 400/400 [00:10<00:00, 36.54it/s]
Training reward model: 100%|█████████████████████████████████████████████████████████| 400/400 [00:59<00:00,  6.77it/s]
Training actor critic: 100%|█████████████████████████████████████████████████████████| 400/400 [02:16<00:00,  2.92it/s]
Collecting experience: 100%|████████████████████████████████████████████████████████| 100/100 [00:00<00:00, 343.81it/s]
Training diffusion model: 100%|██████████████████████████████████████████████████████| 400/400 [00:12<00:00, 32.80it/s]
Training reward model: 100%|█████████████████████████████████████████████████████████| 400/400 [00:58<00:00,  6.84it/s]
Training actor critic: 100%|█████████████████████████████████████████████████████████| 400/400 [02:18<00:00,  2.89it/s]
Collecting experience: 100%|████████████████████████████████████████████████████████| 100/100 [00:00<00:00, 308.26it/s]
Training diffusion model: 100%|██████████████████████████████████████████████████████| 400/400 [00:12<00:00, 32.84it/s]
Training reward model: 100%|█████████████████████████████████████████████████████████| 400/400 [01:00<00:00,  6.62it/s]
Training actor critic: 100%|█████████████████████████████████████████████████████████| 400/400 [02:18<00:00,  2.88it/s]
Collecting experience: 100%|████████████████████████████████████████████████████████| 100/100 [00:00<00:00, 340.56it/s]
Training diffusion model: 100%|██████████████████████████████████████████████████████| 400/400 [00:11<00:00, 36.20it/s]
Training reward model: 100%|█████████████████████████████████████████████████████████| 400/400 [01:01<00:00,  6.46it/s]
Training actor critic: 100%|█████████████████████████████████████████████████████████| 400/400 [02:30<00:00,  2.66it/s]
Collecting experience: 100%|████████████████████████████████████████████████████████| 100/100 [00:00<00:00, 343.20it/s]
Training diffusion model: 100%|██████████████████████████████████████████████████████| 400/400 [00:11<00:00, 34.39it/s]
Training reward model: 100%|█████████████████████████████████████████████████████████| 400/400 [01:00<00:00,  6.59it/s]
Training actor critic: 100%|█████████████████████████████████████████████████████████| 400/400 [02:20<00:00,  2.86it/s]
Collecting experience: 100%|████████████████████████████████████████████████████████| 100/100 [00:00<00:00, 346.31it/s]
Training diffusion model: 100%|██████████████████████████████████████████████████████| 400/400 [00:11<00:00, 34.54it/s]
Training reward model: 100%|█████████████████████████████████████████████████████████| 400/400 [01:00<00:00,  6.58it/s]
Training actor critic: 100%|█████████████████████████████████████████████████████████| 400/400 [02:17<00:00,  2.92it/s]
Collecting experience: 100%|████████████████████████████████████████████████████████| 100/100 [00:00<00:00, 326.60it/s]
Training diffusion model: 100%|██████████████████████████████████████████████████████| 400/400 [00:12<00:00, 32.75it/s]
Training reward model: 100%|█████████████████████████████████████████████████████████| 400/400 [01:01<00:00,  6.46it/s]
Training actor critic:  45%|█████████████████████████▌                               | 179/400 [01:01<01:16,  2.89it/s]
Training:  22%|██████████████                                                   | 97/450 [5:38:47<20:32:56, 209.56s/it]
Traceback (most recent call last):
  File "/home/ubuntu/diamond/main.py", line 50, in <module>
    main(args)
  File "/home/ubuntu/diamond/main.py", line 14, in main
    runner.run()
  File "/home/ubuntu/diamond/runner.py", line 92, in run
    self._update_actor_critic(log_grad_norm = ((i % 50) == 0))
  File "/home/ubuntu/diamond/runner.py", line 197, in _update_actor_critic
    batch = self.dataset.sample_batch(self.burn_in_len+1)
            ^^^^^^^^^^^^^^^^^^^^^^^^^^^^^^^^^^^^^^^^^^^^^
  File "/home/ubuntu/diamond/dataset.py", line 31, in sample_batch
    sequence = {k: self.data[k][start+j:start+j+seq_len] for k in self.keys}
               ^^^^^^^^^^^^^^^^^^^^^^^^^^^^^^^^^^^^^^^^^^^^^^^^^^^^^^^^^^^^^
  File "/home/ubuntu/diamond/dataset.py", line 31, in <dictcomp>
    sequence = {k: self.data[k][start+j:start+j+seq_len] for k in self.keys}
               ^^^^^^^^^^^^^^^^^^^^^^^^^^^^^^^^^^^^^^^^^^^^^^^^^^^^^^^^^^^^^
KeyboardInterrupt
